
> build
> vite build

vite v8.1.5 building client environment for production...
[plugin @laravel/vite-plugin-wayfinder] Types generated for actions, routes, form variants
[2Ktransforming...✓ 4512 modules transformed.
✗ Build failed in 6.84s
error during build:
Build failed with 1 error:

[31m[UNLOADABLE_DEPENDENCY] [0mCould not load ../../../../../resources/js/components/ui/drawer-resize-handle
   [38;5;246m╭[0m[38;5;246m─[0m[38;5;246m[[0m resources/js/components/tasks/task-drawer.tsx:9:36 [38;5;246m][0m
   [38;5;246m│[0m
 [38;5;246m9 │[0m [38;5;249mi[0m[38;5;249mm[0m[38;5;249mp[0m[38;5;249mo[0m[38;5;249mr[0m[38;5;249mt[0m[38;5;249m [0m[38;5;249m{[0m[38;5;249m [0m[38;5;249mD[0m[38;5;249mr[0m[38;5;249ma[0m[38;5;249mw[0m[38;5;249me[0m[38;5;249mr[0m[38;5;249mR[0m[38;5;249me[0m[38;5;249ms[0m[38;5;249mi[0m[38;5;249mz[0m[38;5;249me[0m[38;5;249mH[0m[38;5;249ma[0m[38;5;249mn[0m[38;5;249md[0m[38;5;249ml[0m[38;5;249me[0m[38;5;249m [0m[38;5;249m}[0m[38;5;249m [0m[38;5;249mf[0m[38;5;249mr[0m[38;5;249mo[0m[38;5;249mm[0m[38;5;249m [0m"@/components/ui/drawer-resize-handle"[38;5;249m;[0m
 [38;5;240m  │[0m                                    ───────────────────┬──────────────────  
 [38;5;240m  │[0m                                                       ╰──────────────────── No such file or directory (os error 2)
[38;5;246m───╯[0m

    at aggregateBindingErrorsIntoJsError (file:///home/jeet/Desktop/crm-demo/my-app/node_modules/.pnpm/rolldown@1.1.5/node_modules/rolldown/dist/shared/error-BHRSI0R7.mjs:48:18)
    at unwrapBindingResult (file:///home/jeet/Desktop/crm-demo/my-app/node_modules/.pnpm/rolldown@1.1.5/node_modules/rolldown/dist/shared/error-BHRSI0R7.mjs:18:128)
    at #build (file:///home/jeet/Desktop/crm-demo/my-app/node_modules/.pnpm/rolldown@1.1.5/node_modules/rolldown/dist/shared/rolldown-build-CtPvmZgJ.mjs:3276:34)
    at async buildEnvironment (file:///home/jeet/Desktop/crm-demo/my-app/node_modules/.pnpm/vite@8.1.5_@types+node@22.20.1_jiti@2.7.0/node_modules/vite/dist/node/chunks/node.js:33061:66)
    at async Object.build (file:///home/jeet/Desktop/crm-demo/my-app/node_modules/.pnpm/vite@8.1.5_@types+node@22.20.1_jiti@2.7.0/node_modules/vite/dist/node/chunks/node.js:33483:19)
    at async Object.buildApp (file:///home/jeet/Desktop/crm-demo/my-app/node_modules/.pnpm/vite@8.1.5_@types+node@22.20.1_jiti@2.7.0/node_modules/vite/dist/node/chunks/node.js:33480:153)
    at async CAC.<anonymous> (file:///home/jeet/Desktop/crm-demo/my-app/node_modules/.pnpm/vite@8.1.5_@types+node@22.20.1_jiti@2.7.0/node_modules/vite/dist/node/cli.js:776:3) {
  errors: [Getter/Setter]
}
